error 1
error 1
error 1